// Jest Snapshot v1, https://goo.gl/fbAQLP

exports[`render ListPhoto successfully 1`] = `
<View
  style={
    Object {
      "alignItems": "center",
      "backgroundColor": "#F5FCFF",
      "flex": 1,
      "justifyContent": "center",
    }
  }
>
  <RCTScrollView
    style={
      Object {
        "flex": 1,
        "width": "100%",
      }
    }
  >
    <View>
      <View
        style={
          Object {
            "flex": 1,
            "flexDirection": "row",
          }
        }
      >
        <View
          style={
            Object {
              "alignItems": "center",
              "flex": 1,
              "flexDirection": "column",
            }
          }
        >
          <Image
            source={
              Object {
                "uri": "https://avatars0.githubusercontent.com/u/25143119?v=3&u=23b4af0333afa56e2575ed1b72ea469fa733108c&s=400",
              }
            }
            style={
              Object {
                "borderRadius": 100,
                "height": 80,
                "margin": 10,
                "width": 80,
              }
            }
          />
        </View>
        <View
          style={
            Object {
              "alignItems": "center",
              "flex": 1,
              "flexDirection": "column",
              "marginTop": 20,
            }
          }
        >
          <Text
            accessible={true}
            allowFontScaling={true}
            ellipsizeMode="tail"
            style={
              Object {
                "color": "black",
                "fontSize": 20,
                "fontWeight": "bold",
                "marginLeft": 10,
              }
            }
          >
            1234
          </Text>
          <Text
            accessible={true}
            allowFontScaling={true}
            ellipsizeMode="tail"
            style={
              Object {
                "marginLeft": 10,
              }
            }
          >
            posts
          </Text>
        </View>
        <View
          style={
            Object {
              "alignItems": "center",
              "flex": 1,
              "flexDirection": "column",
              "marginTop": 20,
            }
          }
        >
          <Text
            accessible={true}
            allowFontScaling={true}
            ellipsizeMode="tail"
            style={
              Object {
                "color": "black",
                "fontSize": 20,
                "fontWeight": "bold",
                "marginLeft": 10,
              }
            }
          >
            999
          </Text>
          <Text
            accessible={true}
            allowFontScaling={true}
            ellipsizeMode="tail"
            style={
              Object {
                "marginLeft": 10,
              }
            }
          >
            followers
          </Text>
        </View>
        <View
          style={
            Object {
              "alignItems": "center",
              "flex": 1,
              "flexDirection": "column",
              "marginTop": 20,
            }
          }
        >
          <Text
            accessible={true}
            allowFontScaling={true}
            ellipsizeMode="tail"
            style={
              Object {
                "color": "black",
                "fontSize": 20,
                "fontWeight": "bold",
                "marginLeft": 10,
              }
            }
          >
            888
          </Text>
          <Text
            accessible={true}
            allowFontScaling={true}
            ellipsizeMode="tail"
            style={
              Object {
                "marginLeft": 10,
              }
            }
          >
            following
          </Text>
        </View>
      </View>
      <View>
        <Text
          accessible={true}
          allowFontScaling={true}
          ellipsizeMode="tail"
          style={
            Object {
              "color": "black",
              "fontWeight": "bold",
              "marginLeft": 10,
            }
          }
        >
          Laksono Suryadi
        </Text>
        <Text
          accessible={true}
          allowFontScaling={true}
          ellipsizeMode="tail"
          style={
            Object {
              "color": "black",
              "marginBottom": 4,
              "marginLeft": 10,
            }
          }
        >
          A photography enthusiast
        </Text>
        <Text
          accessible={true}
          allowFontScaling={true}
          ellipsizeMode="tail"
          style={
            Object {
              "fontSize": 12,
              "marginBottom": 20,
              "marginLeft": 10,
            }
          }
        >
          Followed by
          <Text
            accessible={true}
            allowFontScaling={true}
            ellipsizeMode="tail"
            style={
              Object {
                "color": "black",
                "fontWeight": "bold",
              }
            }
          >
             Anthony Juan, Andra Satria, + 10 more
          </Text>
        </Text>
      </View>
      <ActivityIndicator
        animating={true}
        color="#45D56E"
        hidesWhenStopped={true}
        size="large"
        style={
          Object {
            "height": 80,
          }
        }
        virtual={undefined}
      />
      <View
        style={
          Object {
            "flexDirection": "row",
            "flexWrap": "wrap",
          }
        }
      />
    </View>
  </RCTScrollView>
</View>
`;
